2026-08-06 14:41:36,700 - main - INFO - ============================================================
2026-08-06 14:41:36,701 - main - INFO - Duplicate Detection & Deduplication Framework Started
2026-08-06 14:41:36,701 - main - INFO - Input file: sample_data/customers.csv
2026-08-06 14:41:36,701 - main - INFO - Strategy: keep_first
2026-08-06 14:41:36,701 - main - INFO - Key columns: ['customer_id', 'email']
2026-08-06 14:41:36,701 - main - INFO - ============================================================
2026-08-06 14:41:36,702 - duplicate_detection.utils.helpers - INFO - Loading dataset from sample_data\customers.csv...
2026-08-06 14:41:36,740 - main - INFO - Successfully loaded dataset with 10 rows and 6 columns.
2026-08-06 14:41:36,741 - main - INFO - Running exact duplicate detection on raw dataset...
2026-08-06 14:41:36,741 - duplicate_detection.detectors.exact_duplicate_detector - INFO - Starting exact duplicate detection process.
2026-08-06 14:41:36,799 - duplicate_detection.detectors.exact_duplicate_detector - INFO - Exact duplicate detection completed. Found 1 redundant rows (10.0% of total 10 rows).
2026-08-06 14:41:36,800 - main - INFO - Running near duplicate detection on raw dataset...
2026-08-06 14:41:36,800 - duplicate_detection.detectors.near_duplicate_detector - INFO - Starting near duplicate detection on keys: ['customer_id', 'email']
2026-08-06 14:41:36,811 - duplicate_detection.detectors.near_duplicate_detector - INFO - Near duplicate detection completed. Found 4 duplicate groups representing 4 redundant rows (40.0% of total 10 rows).
2026-08-06 14:41:36,814 - duplicate_detection.deduplicators.deduplicate_exact - INFO - Executing exact deduplication using strategy: keep_first
2026-08-06 14:41:36,824 - duplicate_detection.deduplicators.deduplicate_exact - INFO - Exact deduplication finished. Removed 1 rows.
2026-08-06 14:41:36,824 - duplicate_detection.deduplicators.deduplicate_near - INFO - Executing near deduplication on keys: ['customer_id', 'email'] using strategy: keep_first
2026-08-06 14:41:36,834 - duplicate_detection.deduplicators.deduplicate_near - INFO - Near deduplication finished. Removed 3 rows.
2026-08-06 14:41:36,835 - duplicate_detection.reports.report_generator - INFO - Generating audit trail report at C:\Documents\Projects\SupportSense\duplicate_detection\output\removed_duplicates_audit.csv...
2026-08-06 14:41:36,855 - duplicate_detection.reports.report_generator - INFO - Audit report generated successfully with 4 entries.
2026-08-06 14:41:36,855 - main - INFO - Audit report generated at C:\Documents\Projects\SupportSense\duplicate_detection\output\removed_duplicates_audit.csv
2026-08-06 14:41:36,858 - duplicate_detection.utils.helpers - INFO - Successfully saved CSV dataset to C:\Documents\Projects\SupportSense\duplicate_detection\output\cleaned_customers.csv
2026-08-06 14:41:36,858 - main - INFO - Saved cleaned dataset to C:\Documents\Projects\SupportSense\duplicate_detection\output\cleaned_customers.csv
2026-08-06 14:41:36,858 - main - INFO - Performing post-deduplication validation...
2026-08-06 14:41:36,858 - duplicate_detection.detectors.exact_duplicate_detector - INFO - Starting exact duplicate detection process.
2026-08-06 14:41:36,867 - duplicate_detection.detectors.exact_duplicate_detector - INFO - Exact duplicate detection completed. Found 0 redundant rows (0.0% of total 6 rows).
2026-08-06 14:41:36,867 - duplicate_detection.detectors.near_duplicate_detector - INFO - Starting near duplicate detection on keys: ['customer_id', 'email']
2026-08-06 14:41:36,870 - duplicate_detection.detectors.near_duplicate_detector - INFO - Near duplicate detection completed. Found 0 duplicate groups representing 0 redundant rows (0.0% of total 6 rows).
2026-08-06 14:41:36,870 - main - INFO - VALIDATION SUCCESS: Cleaned dataset has zero duplicate keys or identical rows remaining.
2026-08-06 14:41:36,870 - duplicate_detection.reports.report_generator - INFO - Generating deduplication summary JSON report at C:\Documents\Projects\SupportSense\duplicate_detection\output\deduplication_report.json...
2026-08-06 14:41:36,872 - duplicate_detection.utils.helpers - INFO - Successfully saved JSON report to C:\Documents\Projects\SupportSense\duplicate_detection\output\deduplication_report.json
2026-08-06 14:41:36,872 - duplicate_detection.reports.report_generator - INFO - JSON report generated successfully.
2026-08-06 14:41:36,872 - main - INFO - Framework execution completed in 0.172 seconds.
2026-08-06 14:41:36,872 - main - INFO - ============================================================
2026-08-06 14:41:49,823 - main - INFO - ============================================================
2026-08-06 14:41:49,824 - main - INFO - Duplicate Detection & Deduplication Framework Started
2026-08-06 14:41:49,824 - main - INFO - Input file: sample_data/customers.csv
2026-08-06 14:41:49,824 - main - INFO - Strategy: keep_most_complete
2026-08-06 14:41:49,824 - main - INFO - Key columns: ['customer_id', 'email']
2026-08-06 14:41:49,825 - main - INFO - ============================================================
2026-08-06 14:41:49,825 - duplicate_detection.utils.helpers - INFO - Loading dataset from sample_data\customers.csv...
2026-08-06 14:41:49,841 - main - INFO - Successfully loaded dataset with 10 rows and 6 columns.
2026-08-06 14:41:49,841 - main - INFO - Running exact duplicate detection on raw dataset...
2026-08-06 14:41:49,841 - duplicate_detection.detectors.exact_duplicate_detector - INFO - Starting exact duplicate detection process.
2026-08-06 14:41:49,847 - duplicate_detection.detectors.exact_duplicate_detector - INFO - Exact duplicate detection completed. Found 1 redundant rows (10.0% of total 10 rows).
2026-08-06 14:41:49,847 - main - INFO - Running near duplicate detection on raw dataset...
2026-08-06 14:41:49,847 - duplicate_detection.detectors.near_duplicate_detector - INFO - Starting near duplicate detection on keys: ['customer_id', 'email']
2026-08-06 14:41:49,850 - duplicate_detection.detectors.near_duplicate_detector - INFO - Near duplicate detection completed. Found 4 duplicate groups representing 4 redundant rows (40.0% of total 10 rows).
2026-08-06 14:41:49,851 - duplicate_detection.deduplicators.deduplicate_exact - INFO - Executing exact deduplication using strategy: keep_most_complete
2026-08-06 14:41:49,857 - duplicate_detection.deduplicators.deduplicate_exact - INFO - Exact deduplication finished. Removed 1 rows.
2026-08-06 14:41:49,857 - duplicate_detection.deduplicators.deduplicate_near - INFO - Executing near deduplication on keys: ['customer_id', 'email'] using strategy: keep_most_complete
2026-08-06 14:41:49,864 - duplicate_detection.deduplicators.deduplicate_near - INFO - Near deduplication finished. Removed 3 rows.
2026-08-06 14:41:49,864 - duplicate_detection.reports.report_generator - INFO - Generating audit trail report at C:\Documents\Projects\SupportSense\duplicate_detection\output\removed_duplicates_audit.csv...
2026-08-06 14:41:49,874 - duplicate_detection.reports.report_generator - INFO - Audit report generated successfully with 4 entries.
2026-08-06 14:41:49,875 - main - INFO - Audit report generated at C:\Documents\Projects\SupportSense\duplicate_detection\output\removed_duplicates_audit.csv
2026-08-06 14:41:49,878 - duplicate_detection.utils.helpers - INFO - Successfully saved CSV dataset to C:\Documents\Projects\SupportSense\duplicate_detection\output\cleaned_customers.csv
2026-08-06 14:41:49,879 - main - INFO - Saved cleaned dataset to C:\Documents\Projects\SupportSense\duplicate_detection\output\cleaned_customers.csv
2026-08-06 14:41:49,879 - main - INFO - Performing post-deduplication validation...
2026-08-06 14:41:49,879 - duplicate_detection.detectors.exact_duplicate_detector - INFO - Starting exact duplicate detection process.
2026-08-06 14:41:49,882 - duplicate_detection.detectors.exact_duplicate_detector - INFO - Exact duplicate detection completed. Found 0 redundant rows (0.0% of total 6 rows).
2026-08-06 14:41:49,882 - duplicate_detection.detectors.near_duplicate_detector - INFO - Starting near duplicate detection on keys: ['customer_id', 'email']
2026-08-06 14:41:49,883 - duplicate_detection.detectors.near_duplicate_detector - INFO - Near duplicate detection completed. Found 0 duplicate groups representing 0 redundant rows (0.0% of total 6 rows).
2026-08-06 14:41:49,884 - main - INFO - VALIDATION SUCCESS: Cleaned dataset has zero duplicate keys or identical rows remaining.
2026-08-06 14:41:49,884 - duplicate_detection.reports.report_generator - INFO - Generating deduplication summary JSON report at C:\Documents\Projects\SupportSense\duplicate_detection\output\deduplication_report.json...
2026-08-06 14:41:49,886 - duplicate_detection.utils.helpers - INFO - Successfully saved JSON report to C:\Documents\Projects\SupportSense\duplicate_detection\output\deduplication_report.json
2026-08-06 14:41:49,887 - duplicate_detection.reports.report_generator - INFO - JSON report generated successfully.
2026-08-06 14:41:49,887 - main - INFO - Framework execution completed in 0.064 seconds.
2026-08-06 14:41:49,887 - main - INFO - ============================================================
2026-08-06 14:42:06,112 - main - INFO - ============================================================
2026-08-06 14:42:06,112 - main - INFO - Duplicate Detection & Deduplication Framework Started
2026-08-06 14:42:06,112 - main - INFO - Input file: sample_data/non_existent.csv
2026-08-06 14:42:06,112 - main - INFO - Strategy: keep_first
2026-08-06 14:42:06,112 - main - INFO - Key columns: ['customer_id', 'email']
2026-08-06 14:42:06,112 - main - INFO - ============================================================
2026-08-06 14:42:06,112 - main - ERROR - Execution Error occurred: Dataset file not found: sample_data\non_existent.csv
Traceback (most recent call last):
  File "C:\Documents\Projects\SupportSense\duplicate_detection\main.py", line 60, in main
    df_raw = load_data(input_path)
             ^^^^^^^^^^^^^^^^^^^^^
  File "C:\Documents\Projects\SupportSense\duplicate_detection\utils\helpers.py", line 16, in load_data
    raise FileNotFoundError(f"Dataset file not found: {filepath}")
FileNotFoundError: Dataset file not found: sample_data\non_existent.csv
2026-08-06 14:42:06,378 - duplicate_detection.reports.report_generator - INFO - Generating deduplication summary JSON report at C:\Documents\Projects\SupportSense\duplicate_detection\output\deduplication_report.json...
2026-08-06 14:42:06,379 - duplicate_detection.utils.helpers - INFO - Successfully saved JSON report to C:\Documents\Projects\SupportSense\duplicate_detection\output\deduplication_report.json
2026-08-06 14:42:06,379 - duplicate_detection.reports.report_generator - INFO - JSON report generated successfully.
2026-08-06 14:42:16,105 - main - INFO - ============================================================
2026-08-06 14:42:16,105 - main - INFO - Duplicate Detection & Deduplication Framework Started
2026-08-06 14:42:16,105 - main - INFO - Input file: sample_data/customers.csv
2026-08-06 14:42:16,105 - main - INFO - Strategy: keep_first
2026-08-06 14:42:16,105 - main - INFO - Key columns: ['invalid_col']
2026-08-06 14:42:16,105 - main - INFO - ============================================================
2026-08-06 14:42:16,106 - duplicate_detection.utils.helpers - INFO - Loading dataset from sample_data\customers.csv...
2026-08-06 14:42:16,112 - main - INFO - Successfully loaded dataset with 10 rows and 6 columns.
2026-08-06 14:42:16,112 - main - INFO - Running exact duplicate detection on raw dataset...
2026-08-06 14:42:16,112 - duplicate_detection.detectors.exact_duplicate_detector - INFO - Starting exact duplicate detection process.
2026-08-06 14:42:16,115 - duplicate_detection.detectors.exact_duplicate_detector - INFO - Exact duplicate detection completed. Found 1 redundant rows (10.0% of total 10 rows).
2026-08-06 14:42:16,116 - main - INFO - Running near duplicate detection on raw dataset...
2026-08-06 14:42:16,116 - duplicate_detection.detectors.near_duplicate_detector - INFO - Starting near duplicate detection on keys: ['invalid_col']
2026-08-06 14:42:16,116 - duplicate_detection.detectors.near_duplicate_detector - ERROR - Key columns missing from dataset: ['invalid_col']
2026-08-06 14:42:16,116 - main - ERROR - Execution Error occurred: Key columns missing from dataset: ['invalid_col']
Traceback (most recent call last):
  File "C:\Documents\Projects\SupportSense\duplicate_detection\main.py", line 72, in main
    near_detect_results = near_detector.detect(df_raw)
                          ^^^^^^^^^^^^^^^^^^^^^^^^^^^^
  File "C:\Documents\Projects\SupportSense\duplicate_detection\detectors\near_duplicate_detector.py", line 42, in detect
    raise MissingColumnError(error_msg)
duplicate_detection.utils.exceptions.MissingColumnError: Key columns missing from dataset: ['invalid_col']
2026-08-06 14:42:16,118 - duplicate_detection.reports.report_generator - INFO - Generating deduplication summary JSON report at C:\Documents\Projects\SupportSense\duplicate_detection\output\deduplication_report.json...
2026-08-06 14:42:16,120 - duplicate_detection.utils.helpers - INFO - Successfully saved JSON report to C:\Documents\Projects\SupportSense\duplicate_detection\output\deduplication_report.json
2026-08-06 14:42:16,120 - duplicate_detection.reports.report_generator - INFO - JSON report generated successfully.
